------------------------------------------------------------
Timing Analyzer Summary
------------------------------------------------------------

Type  : Slow 1100mV 85C Model Setup 'VGA_Controller:VGA_Controller_Unit|pixel_temp'
Slack : -12.034
TNS   : -18808.680

Type  : Slow 1100mV 85C Model Setup 'keyboard_controller:keyboard_controller_F|FLAG'
Slack : -10.735
TNS   : -169.123

Type  : Slow 1100mV 85C Model Setup 'PS2_CLK'
Slack : -7.936
TNS   : -41.196

Type  : Slow 1100mV 85C Model Setup 'clk'
Slack : -4.199
TNS   : -81.986

Type  : Slow 1100mV 85C Model Hold 'VGA_Controller:VGA_Controller_Unit|pixel_temp'
Slack : 0.078
TNS   : 0.000

Type  : Slow 1100mV 85C Model Hold 'PS2_CLK'
Slack : 0.230
TNS   : 0.000

Type  : Slow 1100mV 85C Model Hold 'clk'
Slack : 0.342
TNS   : 0.000

Type  : Slow 1100mV 85C Model Hold 'keyboard_controller:keyboard_controller_F|FLAG'
Slack : 0.605
TNS   : 0.000

Type  : Slow 1100mV 85C Model Minimum Pulse Width 'clk'
Slack : -0.754
TNS   : -12.945

Type  : Slow 1100mV 85C Model Minimum Pulse Width 'PS2_CLK'
Slack : -0.527
TNS   : -9.698

Type  : Slow 1100mV 85C Model Minimum Pulse Width 'VGA_Controller:VGA_Controller_Unit|pixel_temp'
Slack : -0.488
TNS   : -1220.307

Type  : Slow 1100mV 85C Model Minimum Pulse Width 'keyboard_controller:keyboard_controller_F|FLAG'
Slack : -0.394
TNS   : -8.378

Type  : Slow 1100mV 0C Model Setup 'VGA_Controller:VGA_Controller_Unit|pixel_temp'
Slack : -11.833
TNS   : -18619.397

Type  : Slow 1100mV 0C Model Setup 'keyboard_controller:keyboard_controller_F|FLAG'
Slack : -10.344
TNS   : -162.605

Type  : Slow 1100mV 0C Model Setup 'PS2_CLK'
Slack : -7.838
TNS   : -39.443

Type  : Slow 1100mV 0C Model Setup 'clk'
Slack : -3.967
TNS   : -75.791

Type  : Slow 1100mV 0C Model Hold 'VGA_Controller:VGA_Controller_Unit|pixel_temp'
Slack : 0.102
TNS   : 0.000

Type  : Slow 1100mV 0C Model Hold 'PS2_CLK'
Slack : 0.299
TNS   : 0.000

Type  : Slow 1100mV 0C Model Hold 'clk'
Slack : 0.319
TNS   : 0.000

Type  : Slow 1100mV 0C Model Hold 'keyboard_controller:keyboard_controller_F|FLAG'
Slack : 0.582
TNS   : 0.000

Type  : Slow 1100mV 0C Model Minimum Pulse Width 'clk'
Slack : -0.753
TNS   : -14.030

Type  : Slow 1100mV 0C Model Minimum Pulse Width 'PS2_CLK'
Slack : -0.523
TNS   : -8.859

Type  : Slow 1100mV 0C Model Minimum Pulse Width 'VGA_Controller:VGA_Controller_Unit|pixel_temp'
Slack : -0.476
TNS   : -1193.324

Type  : Slow 1100mV 0C Model Minimum Pulse Width 'keyboard_controller:keyboard_controller_F|FLAG'
Slack : -0.394
TNS   : -8.383

Type  : Fast 1100mV 85C Model Setup 'VGA_Controller:VGA_Controller_Unit|pixel_temp'
Slack : -7.488
TNS   : -11178.587

Type  : Fast 1100mV 85C Model Setup 'keyboard_controller:keyboard_controller_F|FLAG'
Slack : -6.223
TNS   : -97.598

Type  : Fast 1100mV 85C Model Setup 'PS2_CLK'
Slack : -4.417
TNS   : -20.682

Type  : Fast 1100mV 85C Model Setup 'clk'
Slack : -2.836
TNS   : -55.239

Type  : Fast 1100mV 85C Model Hold 'VGA_Controller:VGA_Controller_Unit|pixel_temp'
Slack : -0.192
TNS   : -0.554

Type  : Fast 1100mV 85C Model Hold 'PS2_CLK'
Slack : 0.145
TNS   : 0.000

Type  : Fast 1100mV 85C Model Hold 'clk'
Slack : 0.193
TNS   : 0.000

Type  : Fast 1100mV 85C Model Hold 'keyboard_controller:keyboard_controller_F|FLAG'
Slack : 0.312
TNS   : 0.000

Type  : Fast 1100mV 85C Model Minimum Pulse Width 'clk'
Slack : -0.667
TNS   : -2.751

Type  : Fast 1100mV 85C Model Minimum Pulse Width 'PS2_CLK'
Slack : -0.544
TNS   : -4.958

Type  : Fast 1100mV 85C Model Minimum Pulse Width 'VGA_Controller:VGA_Controller_Unit|pixel_temp'
Slack : -0.226
TNS   : -149.963

Type  : Fast 1100mV 85C Model Minimum Pulse Width 'keyboard_controller:keyboard_controller_F|FLAG'
Slack : 0.126
TNS   : 0.000

Type  : Fast 1100mV 0C Model Setup 'VGA_Controller:VGA_Controller_Unit|pixel_temp'
Slack : -6.703
TNS   : -10015.542

Type  : Fast 1100mV 0C Model Setup 'keyboard_controller:keyboard_controller_F|FLAG'
Slack : -5.920
TNS   : -92.874

Type  : Fast 1100mV 0C Model Setup 'PS2_CLK'
Slack : -4.157
TNS   : -17.490

Type  : Fast 1100mV 0C Model Setup 'clk'
Slack : -2.253
TNS   : -45.209

Type  : Fast 1100mV 0C Model Hold 'VGA_Controller:VGA_Controller_Unit|pixel_temp'
Slack : -0.204
TNS   : -0.738

Type  : Fast 1100mV 0C Model Hold 'PS2_CLK'
Slack : 0.151
TNS   : 0.000

Type  : Fast 1100mV 0C Model Hold 'clk'
Slack : 0.178
TNS   : 0.000

Type  : Fast 1100mV 0C Model Hold 'keyboard_controller:keyboard_controller_F|FLAG'
Slack : 0.274
TNS   : 0.000

Type  : Fast 1100mV 0C Model Minimum Pulse Width 'clk'
Slack : -0.644
TNS   : -2.699

Type  : Fast 1100mV 0C Model Minimum Pulse Width 'PS2_CLK'
Slack : -0.583
TNS   : -5.552

Type  : Fast 1100mV 0C Model Minimum Pulse Width 'VGA_Controller:VGA_Controller_Unit|pixel_temp'
Slack : -0.150
TNS   : -73.880

Type  : Fast 1100mV 0C Model Minimum Pulse Width 'keyboard_controller:keyboard_controller_F|FLAG'
Slack : 0.126
TNS   : 0.000

------------------------------------------------------------
